=== forge build --sizes ===
=== captured by lib/solidity-pipeline/scripts/audit-logs.sh, non-TTY, full verbosity ===

No files changed, compilation skipped

╭------------------------------------------+------------------+-------------------+--------------------+---------------------╮
| Contract                                 | Runtime Size (B) | Initcode Size (B) | Runtime Margin (B) | Initcode Margin (B) |
+============================================================================================================================+
| FaultyChecker                            | 3,360            | 7,163             | 21,216             | 41,989              |
|------------------------------------------+------------------+-------------------+--------------------+---------------------|
| HarnessProbe                             | 6,376            | 12,618            | 18,200             | 36,534              |
|------------------------------------------+------------------+-------------------+--------------------+---------------------|
| HealthyRoundDecimalsRevertAggregator     | 316              | 436               | 24,260             | 48,716              |
|------------------------------------------+------------------+-------------------+--------------------+---------------------|
| HealthyRoundDecimalsWrongShapeAggregator | 321              | 441               | 24,255             | 48,711              |
|------------------------------------------+------------------+-------------------+--------------------+---------------------|
| MockAggregator                           | 1,185            | 1,835             | 23,391             | 47,317              |
|------------------------------------------+------------------+-------------------+--------------------+---------------------|
| OracleHealthChecker                      | 2,075            | 3,029             | 22,501             | 46,123              |
|------------------------------------------+------------------+-------------------+--------------------+---------------------|
| Properties                               | 6,280            | 12,522            | 18,296             | 36,630              |
|------------------------------------------+------------------+-------------------+--------------------+---------------------|
| RevertingAggregator                      | 62               | 88                | 24,514             | 49,064              |
|------------------------------------------+------------------+-------------------+--------------------+---------------------|
| TryCatchConsumer                         | 402              | 430               | 24,174             | 48,722              |
|------------------------------------------+------------------+-------------------+--------------------+---------------------|
| WrongShapeAggregator                     | 140              | 166               | 24,436             | 48,986              |
╰------------------------------------------+------------------+-------------------+--------------------+---------------------╯


=== exit status: 0 ===
